nohup: ignoring input
baseline  0 0 ef 64 recall 0.92758 qps 1028.41787824636
baseline  0 0 ef 96 recall 0.94352 qps 808.7296263804271
baseline  0 0 ef 128 recall 0.9496 qps 660.179735285344
baseline  0 0 ef 192 recall 0.95548 qps 485.13685006310476
baseline  0 0 ef 256 recall 0.95834 qps 385.0363029832771
baseline  0 0 ef 460 recall 0.96282 qps 238.4433926896767
batch_prefetch  0 0 ef 64 recall 0.92758 qps 1145.6728815225702
batch_prefetch  0 0 ef 96 recall 0.94352 qps 857.304077840926
batch_prefetch  0 0 ef 128 recall 0.9496 qps 689.9039512346727
batch_prefetch  0 0 ef 192 recall 0.95548 qps 505.1718249023097
batch_prefetch  0 0 ef 256 recall 0.95834 qps 399.6291296780558
batch_prefetch  0 0 ef 460 recall 0.96282 qps 246.5016823773549
batch_prefetch  0 0 ef 64 recall 0.92758 qps 1133.6440327268201
batch_prefetch  0 0 ef 96 recall 0.94352 qps 856.2732714793408
batch_prefetch  0 0 ef 128 recall 0.9496 qps 690.1242390963911
batch_prefetch  0 0 ef 192 recall 0.95548 qps 502.17530438210446
batch_prefetch  0 0 ef 256 recall 0.95834 qps 399.15710106852674
batch_prefetch  0 0 ef 460 recall 0.96282 qps 245.6999390240641
batch_prefetch  0 0 ef 64 recall 0.92758 qps 1097.7313995878483
batch_prefetch  0 0 ef 96 recall 0.94352 qps 818.4278066208159
batch_prefetch  0 0 ef 128 recall 0.9496 qps 657.6699259886269
batch_prefetch  0 0 ef 192 recall 0.95548 qps 479.5596665143074
batch_prefetch  0 0 ef 256 recall 0.95834 qps 380.269172418922
batch_prefetch  0 0 ef 460 recall 0.96282 qps 235.21335464986828
batch_prefetch  0 0 ef 64 recall 0.92758 qps 1051.49735102091
batch_prefetch  0 0 ef 96 recall 0.94352 qps 783.6169059073527
batch_prefetch  0 0 ef 128 recall 0.9496 qps 633.6830514890692
batch_prefetch  0 0 ef 192 recall 0.95548 qps 461.28840512957584
batch_prefetch  0 0 ef 256 recall 0.95834 qps 366.5986272378676
batch_prefetch  0 0 ef 460 recall 0.96282 qps 226.70376300971705
route_priority equal_interval 6 2 ef 64 recall 0.92758 qps 837.1568233755263
route_priority equal_interval 6 2 ef 96 recall 0.94352 qps 625.3394591341206
route_priority equal_interval 6 2 ef 128 recall 0.9496 qps 492.6016721780337
route_priority equal_interval 6 2 ef 192 recall 0.95548 qps 367.6497199097357
route_priority equal_interval 6 2 ef 256 recall 0.95834 qps 288.0851093416514
route_priority equal_interval 6 2 ef 460 recall 0.96282 qps 179.84066933176945
route_priority equal_interval 6 4 ef 64 recall 0.92758 qps 823.3307653764967
route_priority equal_interval 6 4 ef 96 recall 0.94352 qps 616.1998264158248
route_priority equal_interval 6 4 ef 128 recall 0.9496 qps 491.5264341872249
route_priority equal_interval 6 4 ef 192 recall 0.95548 qps 362.1849365913406
route_priority equal_interval 6 4 ef 256 recall 0.95834 qps 287.1417570216768
route_priority equal_interval 6 4 ef 460 recall 0.96282 qps 178.89200376714803
route_priority equal_interval 6 8 ef 64 recall 0.92758 qps 819.8287953508062
route_priority equal_interval 6 8 ef 96 recall 0.94352 qps 619.0302025156622
route_priority equal_interval 6 8 ef 128 recall 0.9496 qps 492.54666304089204
route_priority equal_interval 6 8 ef 192 recall 0.95548 qps 360.67045975515634
route_priority equal_interval 6 8 ef 256 recall 0.95834 qps 286.25538570264797
route_priority equal_interval 6 8 ef 460 recall 0.96282 qps 177.99858824586582
route_priority high_variance 6 2 ef 64 recall 0.92758 qps 836.7244435382627
route_priority high_variance 6 2 ef 96 recall 0.94352 qps 622.9623466771012
route_priority high_variance 6 2 ef 128 recall 0.9496 qps 493.59424416720907
route_priority high_variance 6 2 ef 192 recall 0.95548 qps 363.7257812658241
route_priority high_variance 6 2 ef 256 recall 0.95834 qps 287.054959639686
route_priority high_variance 6 2 ef 460 recall 0.96282 qps 178.30201285819243
route_priority high_variance 6 4 ef 64 recall 0.92758 qps 810.4728508496889
route_priority high_variance 6 4 ef 96 recall 0.94352 qps 611.6257132864766
route_priority high_variance 6 4 ef 128 recall 0.9496 qps 486.8799322663837
route_priority high_variance 6 4 ef 192 recall 0.95548 qps 358.48444277225764
route_priority high_variance 6 4 ef 256 recall 0.95834 qps 284.03629153822953
route_priority high_variance 6 4 ef 460 recall 0.96282 qps 176.33622314879497
route_priority high_variance 6 8 ef 64 recall 0.92758 qps 809.365029983985
route_priority high_variance 6 8 ef 96 recall 0.94352 qps 608.7154333547103
route_priority high_variance 6 8 ef 128 recall 0.9496 qps 484.9214019988467
route_priority high_variance 6 8 ef 192 recall 0.95548 qps 357.7866608706781
route_priority high_variance 6 8 ef 256 recall 0.95834 qps 281.537014168324
route_priority high_variance 6 8 ef 460 recall 0.96282 qps 175.52218402048118
route_priority short_code_selected 6 2 ef 64 recall 0.92758 qps 815.1900816303835
route_priority short_code_selected 6 2 ef 96 recall 0.94352 qps 613.0021794764206
route_priority short_code_selected 6 2 ef 128 recall 0.9496 qps 487.3393304926676
route_priority short_code_selected 6 2 ef 192 recall 0.95548 qps 348.8412087928467
route_priority short_code_selected 6 2 ef 256 recall 0.95834 qps 275.176228399421
route_priority short_code_selected 6 2 ef 460 recall 0.96282 qps 167.34469769966606
route_priority short_code_selected 6 4 ef 64 recall 0.92758 qps 769.3284824494266
route_priority short_code_selected 6 4 ef 96 recall 0.94352 qps 577.747162976972
route_priority short_code_selected 6 4 ef 128 recall 0.9496 qps 458.68785460547946
route_priority short_code_selected 6 4 ef 192 recall 0.95548 qps 341.9998852440754
route_priority short_code_selected 6 4 ef 256 recall 0.95834 qps 270.45733122084545
route_priority short_code_selected 6 4 ef 460 recall 0.96282 qps 167.86871850655677
route_priority short_code_selected 6 8 ef 64 recall 0.92758 qps 781.0738292067505
route_priority short_code_selected 6 8 ef 96 recall 0.94352 qps 587.4290956571344
route_priority short_code_selected 6 8 ef 128 recall 0.9496 qps 467.40622752000087
route_priority short_code_selected 6 8 ef 192 recall 0.95548 qps 343.61616122013254
route_priority short_code_selected 6 8 ef 256 recall 0.95834 qps 271.5364994637158
route_priority short_code_selected 6 8 ef 460 recall 0.96282 qps 168.94652512741044
route_priority equal_interval 8 2 ef 64 recall 0.92758 qps 788.5948836463264
route_priority equal_interval 8 2 ef 96 recall 0.94352 qps 594.1386885270279
route_priority equal_interval 8 2 ef 128 recall 0.9496 qps 471.37025218907326
route_priority equal_interval 8 2 ef 192 recall 0.95548 qps 347.51871792931564
route_priority equal_interval 8 2 ef 256 recall 0.95834 qps 275.01035789124086
route_priority equal_interval 8 2 ef 460 recall 0.96282 qps 171.59462999597605
route_priority equal_interval 8 4 ef 64 recall 0.92758 qps 789.0620005697839
route_priority equal_interval 8 4 ef 96 recall 0.94352 qps 590.7031425453287
route_priority equal_interval 8 4 ef 128 recall 0.9496 qps 470.0770652929356
route_priority equal_interval 8 4 ef 192 recall 0.95548 qps 345.49630457313816
route_priority equal_interval 8 4 ef 256 recall 0.95834 qps 276.05170961659707
route_priority equal_interval 8 4 ef 460 recall 0.96282 qps 170.89276187458896
route_priority equal_interval 8 8 ef 64 recall 0.92758 qps 755.1052039537404
route_priority equal_interval 8 8 ef 96 recall 0.94352 qps 565.9098419388456
route_priority equal_interval 8 8 ef 128 recall 0.9496 qps 448.920256060711
route_priority equal_interval 8 8 ef 192 recall 0.95548 qps 342.9527583672602
route_priority equal_interval 8 8 ef 256 recall 0.95834 qps 274.7439406886426
route_priority equal_interval 8 8 ef 460 recall 0.96282 qps 170.64075242720148
route_priority high_variance 8 2 ef 64 recall 0.92758 qps 773.735233255515
route_priority high_variance 8 2 ef 96 recall 0.94352 qps 583.8324736936405
route_priority high_variance 8 2 ef 128 recall 0.9496 qps 463.30505060838436
route_priority high_variance 8 2 ef 192 recall 0.95548 qps 340.61612779575216
route_priority high_variance 8 2 ef 256 recall 0.95834 qps 270.13878369473866
route_priority high_variance 8 2 ef 460 recall 0.96282 qps 168.54907893746432
route_priority high_variance 8 4 ef 64 recall 0.92758 qps 772.9826385571731
route_priority high_variance 8 4 ef 96 recall 0.94352 qps 582.0896529362583
route_priority high_variance 8 4 ef 128 recall 0.9496 qps 462.31422123036793
route_priority high_variance 8 4 ef 192 recall 0.95548 qps 340.04952621784594
route_priority high_variance 8 4 ef 256 recall 0.95834 qps 269.2209274100112
route_priority high_variance 8 4 ef 460 recall 0.96282 qps 168.24692948548886
route_priority high_variance 8 8 ef 64 recall 0.92758 qps 767.5096263272807
route_priority high_variance 8 8 ef 96 recall 0.94352 qps 579.2177722041368
route_priority high_variance 8 8 ef 128 recall 0.9496 qps 459.73225432211115
route_priority high_variance 8 8 ef 192 recall 0.95548 qps 338.54187598750696
route_priority high_variance 8 8 ef 256 recall 0.95834 qps 267.84090842969505
route_priority high_variance 8 8 ef 460 recall 0.96282 qps 167.4784700083046
route_priority short_code_selected 8 2 ef 64 recall 0.92758 qps 775.8884583093246
route_priority short_code_selected 8 2 ef 96 recall 0.94352 qps 585.5642824796904
route_priority short_code_selected 8 2 ef 128 recall 0.9496 qps 465.18144728617693
route_priority short_code_selected 8 2 ef 192 recall 0.95548 qps 341.78884133000696
route_priority short_code_selected 8 2 ef 256 recall 0.95834 qps 270.41248582873214
route_priority short_code_selected 8 2 ef 460 recall 0.96282 qps 168.98303970815593
route_priority short_code_selected 8 4 ef 64 recall 0.92758 qps 778.4543000613675
route_priority short_code_selected 8 4 ef 96 recall 0.94352 qps 582.5503182177981
route_priority short_code_selected 8 4 ef 128 recall 0.9496 qps 462.9768964678498
route_priority short_code_selected 8 4 ef 192 recall 0.95548 qps 340.8536878770111
route_priority short_code_selected 8 4 ef 256 recall 0.95834 qps 269.25049043320035
route_priority short_code_selected 8 4 ef 460 recall 0.96282 qps 167.6158007515799
route_priority short_code_selected 8 8 ef 64 recall 0.92758 qps 768.1961626912115
route_priority short_code_selected 8 8 ef 96 recall 0.94352 qps 578.373700551217
route_priority short_code_selected 8 8 ef 128 recall 0.9496 qps 458.38757072150867
route_priority short_code_selected 8 8 ef 192 recall 0.95548 qps 338.0829441179693
route_priority short_code_selected 8 8 ef 256 recall 0.95834 qps 268.1012453174224
route_priority short_code_selected 8 8 ef 460 recall 0.96282 qps 166.82708709986304
route_priority equal_interval 10 2 ef 64 recall 0.92758 qps 805.2790038222239
route_priority equal_interval 10 2 ef 96 recall 0.94352 qps 600.202515240223
route_priority equal_interval 10 2 ef 128 recall 0.9496 qps 476.95683716077275
route_priority equal_interval 10 2 ef 192 recall 0.95548 qps 351.2959744724557
route_priority equal_interval 10 2 ef 256 recall 0.95834 qps 277.71315508190884
route_priority equal_interval 10 2 ef 460 recall 0.96282 qps 171.62488627638538
route_priority equal_interval 10 4 ef 64 recall 0.92758 qps 797.3848215072642
route_priority equal_interval 10 4 ef 96 recall 0.94352 qps 601.9442419578542
route_priority equal_interval 10 4 ef 128 recall 0.9496 qps 475.0863011162013
route_priority equal_interval 10 4 ef 192 recall 0.95548 qps 344.3789451611083
route_priority equal_interval 10 4 ef 256 recall 0.95834 qps 274.1830510632688
route_priority equal_interval 10 4 ef 460 recall 0.96282 qps 170.4828605035863
route_priority equal_interval 10 8 ef 64 recall 0.92758 qps 812.2026932284817
route_priority equal_interval 10 8 ef 96 recall 0.94352 qps 610.8855951653618
route_priority equal_interval 10 8 ef 128 recall 0.9496 qps 486.30791736655414
route_priority equal_interval 10 8 ef 192 recall 0.95548 qps 358.4938934432748
route_priority equal_interval 10 8 ef 256 recall 0.95834 qps 286.9276254066812
route_priority equal_interval 10 8 ef 460 recall 0.96282 qps 173.64588026405713
route_priority high_variance 10 2 ef 64 recall 0.92758 qps 816.1730410493922
route_priority high_variance 10 2 ef 96 recall 0.94352 qps 617.2682436605901
route_priority high_variance 10 2 ef 128 recall 0.9496 qps 490.27319641729474
route_priority high_variance 10 2 ef 192 recall 0.95548 qps 362.32428768095934
route_priority high_variance 10 2 ef 256 recall 0.95834 qps 286.9947278946248
route_priority high_variance 10 2 ef 460 recall 0.96282 qps 178.48184363999732
route_priority high_variance 10 4 ef 64 recall 0.92758 qps 815.7499379185297
route_priority high_variance 10 4 ef 96 recall 0.94352 qps 613.2995515172963
route_priority high_variance 10 4 ef 128 recall 0.9496 qps 488.85614326911383
route_priority high_variance 10 4 ef 192 recall 0.95548 qps 359.83127308244025
route_priority high_variance 10 4 ef 256 recall 0.95834 qps 284.9797174719314
route_priority high_variance 10 4 ef 460 recall 0.96282 qps 176.9439035767204
route_priority high_variance 10 8 ef 64 recall 0.92758 qps 812.1277478933655
route_priority high_variance 10 8 ef 96 recall 0.94352 qps 611.6896706170749
route_priority high_variance 10 8 ef 128 recall 0.9496 qps 486.67347741636985
route_priority high_variance 10 8 ef 192 recall 0.95548 qps 358.79355069456824
route_priority high_variance 10 8 ef 256 recall 0.95834 qps 284.2536717836557
route_priority high_variance 10 8 ef 460 recall 0.96282 qps 176.69735139959556
route_priority short_code_selected 10 2 ef 64 recall 0.92758 qps 818.2720089718583
route_priority short_code_selected 10 2 ef 96 recall 0.94352 qps 606.0260640453341
route_priority short_code_selected 10 2 ef 128 recall 0.9496 qps 476.7009475381646
route_priority short_code_selected 10 2 ef 192 recall 0.95548 qps 360.5969758443486
route_priority short_code_selected 10 2 ef 256 recall 0.95834 qps 286.9794999324061
route_priority short_code_selected 10 2 ef 460 recall 0.96282 qps 177.96498909662415
route_priority short_code_selected 10 4 ef 64 recall 0.92758 qps 815.9007883099783
route_priority short_code_selected 10 4 ef 96 recall 0.94352 qps 612.6272159578139
route_priority short_code_selected 10 4 ef 128 recall 0.9496 qps 491.60453180131236
route_priority short_code_selected 10 4 ef 192 recall 0.95548 qps 361.2797640081495
route_priority short_code_selected 10 4 ef 256 recall 0.95834 qps 286.6985914738801
route_priority short_code_selected 10 4 ef 460 recall 0.96282 qps 177.91908727766645
route_priority short_code_selected 10 8 ef 64 recall 0.92758 qps 813.1361194522084
route_priority short_code_selected 10 8 ef 96 recall 0.94352 qps 611.1646418522586
route_priority short_code_selected 10 8 ef 128 recall 0.9496 qps 488.6512544772953
route_priority short_code_selected 10 8 ef 192 recall 0.95548 qps 359.3024536215355
route_priority short_code_selected 10 8 ef 256 recall 0.95834 qps 280.80881831090693
route_priority short_code_selected 10 8 ef 460 recall 0.96282 qps 172.34229459498067
route_priority equal_interval 12 2 ef 64 recall 0.92758 qps 817.1155765413448
route_priority equal_interval 12 2 ef 96 recall 0.94352 qps 620.1138626466102
route_priority equal_interval 12 2 ef 128 recall 0.9496 qps 492.6557755047095
route_priority equal_interval 12 2 ef 192 recall 0.95548 qps 357.7975138458145
route_priority equal_interval 12 2 ef 256 recall 0.95834 qps 288.3772347462858
route_priority equal_interval 12 2 ef 460 recall 0.96282 qps 179.24632177090936
route_priority equal_interval 12 4 ef 64 recall 0.92758 qps 821.2501602735717
route_priority equal_interval 12 4 ef 96 recall 0.94352 qps 616.8597807470641
route_priority equal_interval 12 4 ef 128 recall 0.9496 qps 492.16860013608374
route_priority equal_interval 12 4 ef 192 recall 0.95548 qps 349.4088896725303
route_priority equal_interval 12 4 ef 256 recall 0.95834 qps 270.3281560080631
route_priority equal_interval 12 4 ef 460 recall 0.96282 qps 176.515659758606
route_priority equal_interval 12 8 ef 64 recall 0.92758 qps 813.7596383478907
route_priority equal_interval 12 8 ef 96 recall 0.94352 qps 612.3950896155728
route_priority equal_interval 12 8 ef 128 recall 0.9496 qps 488.0860630676018
route_priority equal_interval 12 8 ef 192 recall 0.95548 qps 358.2455807360559
route_priority equal_interval 12 8 ef 256 recall 0.95834 qps 284.9595472624501
route_priority equal_interval 12 8 ef 460 recall 0.96282 qps 177.1050319265404
route_priority high_variance 12 2 ef 64 recall 0.92758 qps 820.1750087973256
route_priority high_variance 12 2 ef 96 recall 0.94352 qps 619.4918741696068
route_priority high_variance 12 2 ef 128 recall 0.9496 qps 490.9418264677739
route_priority high_variance 12 2 ef 192 recall 0.95548 qps 362.93881696756046
route_priority high_variance 12 2 ef 256 recall 0.95834 qps 287.4523318905476
route_priority high_variance 12 2 ef 460 recall 0.96282 qps 177.1011934012269
route_priority high_variance 12 4 ef 64 recall 0.92758 qps 819.3064936420675
route_priority high_variance 12 4 ef 96 recall 0.94352 qps 617.3979824678506
route_priority high_variance 12 4 ef 128 recall 0.9496 qps 490.7627267263767
route_priority high_variance 12 4 ef 192 recall 0.95548 qps 361.19866608103706
route_priority high_variance 12 4 ef 256 recall 0.95834 qps 282.18744508764286
route_priority high_variance 12 4 ef 460 recall 0.96282 qps 169.86619868969606
route_priority high_variance 12 8 ef 64 recall 0.92758 qps 800.6851894963415
route_priority high_variance 12 8 ef 96 recall 0.94352 qps 591.2478495713109
route_priority high_variance 12 8 ef 128 recall 0.9496 qps 483.97517390056527
route_priority high_variance 12 8 ef 192 recall 0.95548 qps 359.9234862301832
route_priority high_variance 12 8 ef 256 recall 0.95834 qps 284.12721873009224
route_priority high_variance 12 8 ef 460 recall 0.96282 qps 175.7801364544121
route_priority short_code_selected 12 2 ef 64 recall 0.92758 qps 820.4152689598711
route_priority short_code_selected 12 2 ef 96 recall 0.94352 qps 620.0598588959622
route_priority short_code_selected 12 2 ef 128 recall 0.9496 qps 492.94443842792856
route_priority short_code_selected 12 2 ef 192 recall 0.95548 qps 363.6482422301037
route_priority short_code_selected 12 2 ef 256 recall 0.95834 qps 287.45167694179236
route_priority short_code_selected 12 2 ef 460 recall 0.96282 qps 178.89611053664566
route_priority short_code_selected 12 4 ef 64 recall 0.92758 qps 817.683393316843
route_priority short_code_selected 12 4 ef 96 recall 0.94352 qps 618.4256885031513
route_priority short_code_selected 12 4 ef 128 recall 0.9496 qps 492.80233216169603
route_priority short_code_selected 12 4 ef 192 recall 0.95548 qps 363.0931297965889
route_priority short_code_selected 12 4 ef 256 recall 0.95834 qps 286.9741244237523
route_priority short_code_selected 12 4 ef 460 recall 0.96282 qps 178.51636452804752
route_priority short_code_selected 12 8 ef 64 recall 0.92758 qps 813.0444920330211
route_priority short_code_selected 12 8 ef 96 recall 0.94352 qps 619.4143683842682
route_priority short_code_selected 12 8 ef 128 recall 0.9496 qps 494.30281469358727
route_priority short_code_selected 12 8 ef 192 recall 0.95548 qps 362.3225690039813
route_priority short_code_selected 12 8 ef 256 recall 0.95834 qps 275.79861990732644
route_priority short_code_selected 12 8 ef 460 recall 0.96282 qps 170.58222267287064
