nohup: ignoring input
Run config:
  dataset=BigANN/SIFT1B
  subset_size_millions=10 (10000000 base vectors)
  query_count=10000
  dimension=128
  M=16 efConstruction=40
  quantizer=4-bit ExRaBitQ centroid_count=64 rerank_candidates=100 random_seed=100
  base_path=/home/kai3/coco/hnswlib/bigann/bigann_base.bvecs
  query_path=/home/kai3/coco/hnswlib/bigann/bigann_query.bvecs
  gt_path=/home/kai3/coco/hnswlib/bigann/gnd/idx_10M.ivecs
  index_path=sift1b_rabitq_10m_ef_40_M_16_C_64.bin
Loading GT:
Loading queries:
  encoded_bytes_per_vector=72 (4-bit code)
Building index:
Training one global ExRaBitQ center from 200000 base vectors
1 %, 10.0908 kips  Mem: 3222 Mb 
2 %, 10.9029 kips  Mem: 3270 Mb 
3 %, 15.078 kips  Mem: 3290 Mb 
4 %, 13.8453 kips  Mem: 3323 Mb 
5 %, 16.795 kips  Mem: 3345 Mb 
6 %, 17.7823 kips  Mem: 3369 Mb 
7 %, 20.4681 kips  Mem: 3395 Mb 
8 %, 18.8137 kips  Mem: 3428 Mb 
9 %, 16.3578 kips  Mem: 3455 Mb 
10 %, 11.2873 kips  Mem: 3479 Mb 
11 %, 9.48565 kips  Mem: 3505 Mb 
12 %, 8.6877 kips  Mem: 3528 Mb 
13 %, 8.29346 kips  Mem: 3553 Mb 
14 %, 8.1607 kips  Mem: 3584 Mb 
15 %, 8.07248 kips  Mem: 3618 Mb 
16 %, 8.37879 kips  Mem: 3643 Mb 
17 %, 8.25368 kips  Mem: 3673 Mb 
18 %, 16.5869 kips  Mem: 3697 Mb 
19 %, 21.4617 kips  Mem: 3723 Mb 
20 %, 21.187 kips  Mem: 3749 Mb 
21 %, 21.6368 kips  Mem: 3776 Mb 
22 %, 20.7823 kips  Mem: 3805 Mb 
23 %, 20.8515 kips  Mem: 3826 Mb 
24 %, 21.0771 kips  Mem: 3852 Mb 
25 %, 20.8832 kips  Mem: 3879 Mb 
26 %, 22.9545 kips  Mem: 3906 Mb 
27 %, 23.3366 kips  Mem: 3929 Mb 
28 %, 21.9919 kips  Mem: 3956 Mb 
29 %, 22.852 kips  Mem: 3980 Mb 
30 %, 20.6139 kips  Mem: 4031 Mb 
31 %, 19.7669 kips  Mem: 4056 Mb 
32 %, 22.687 kips  Mem: 4081 Mb 
33 %, 22.5445 kips  Mem: 4108 Mb 
34 %, 22.4527 kips  Mem: 4137 Mb 
35 %, 21.799 kips  Mem: 4159 Mb 
36 %, 22.2545 kips  Mem: 4185 Mb 
37 %, 22.5413 kips  Mem: 4211 Mb 
38 %, 22.8586 kips  Mem: 4240 Mb 
39 %, 23.0968 kips  Mem: 4262 Mb 
40 %, 23.1821 kips  Mem: 4289 Mb 
41 %, 21.8478 kips  Mem: 4315 Mb 
42 %, 22.3564 kips  Mem: 4340 Mb 
43 %, 22.813 kips  Mem: 4364 Mb 
44 %, 22.2194 kips  Mem: 4390 Mb 
45 %, 22.2153 kips  Mem: 4419 Mb 
46 %, 22.1951 kips  Mem: 4444 Mb 
47 %, 22.6016 kips  Mem: 4473 Mb 
48 %, 23.1267 kips  Mem: 4494 Mb 
49 %, 22.8225 kips  Mem: 4520 Mb 
50 %, 21.8862 kips  Mem: 4546 Mb 
51 %, 21.9751 kips  Mem: 4573 Mb 
52 %, 23.2163 kips  Mem: 4601 Mb 
53 %, 22.5985 kips  Mem: 4622 Mb 
54 %, 22.1281 kips  Mem: 4648 Mb 
55 %, 21.6953 kips  Mem: 4673 Mb 
56 %, 21.2363 kips  Mem: 4701 Mb 
57 %, 21.2635 kips  Mem: 4729 Mb 
58 %, 21.7144 kips  Mem: 4750 Mb 
59 %, 21.1594 kips  Mem: 4776 Mb 
60 %, 18.2848 kips  Mem: 4852 Mb 
61 %, 20.204 kips  Mem: 4877 Mb 
62 %, 19.9106 kips  Mem: 4902 Mb 
63 %, 18.8675 kips  Mem: 4927 Mb 
64 %, 19.3506 kips  Mem: 4953 Mb 
65 %, 18.4901 kips  Mem: 4978 Mb 
66 %, 21.357 kips  Mem: 5005 Mb 
67 %, 22.1216 kips  Mem: 5031 Mb 
68 %, 22.5508 kips  Mem: 5059 Mb 
69 %, 22.5772 kips  Mem: 5087 Mb 
70 %, 21.9237 kips  Mem: 5118 Mb 
71 %, 21.867 kips  Mem: 5133 Mb 
72 %, 21.9093 kips  Mem: 5159 Mb 
73 %, 22.065 kips  Mem: 5183 Mb 
74 %, 21.7187 kips  Mem: 5210 Mb 
75 %, 21.3976 kips  Mem: 5239 Mb 
76 %, 21.445 kips  Mem: 5267 Mb 
77 %, 22.1723 kips  Mem: 5287 Mb 
78 %, 21.8607 kips  Mem: 5314 Mb 
79 %, 21.4794 kips  Mem: 5344 Mb 
80 %, 21.7641 kips  Mem: 5364 Mb 
81 %, 21.5715 kips  Mem: 5392 Mb 
82 %, 20.5045 kips  Mem: 5421 Mb 
83 %, 20.2223 kips  Mem: 5442 Mb 
84 %, 21.1638 kips  Mem: 5469 Mb 
85 %, 20.547 kips  Mem: 5499 Mb 
86 %, 21.3074 kips  Mem: 5519 Mb 
87 %, 21.5764 kips  Mem: 5550 Mb 
88 %, 21.474 kips  Mem: 5570 Mb 
89 %, 21.4927 kips  Mem: 5599 Mb 
90 %, 21.8668 kips  Mem: 5622 Mb 
91 %, 20.9882 kips  Mem: 5650 Mb 
92 %, 21.4426 kips  Mem: 5684 Mb 
93 %, 20.6932 kips  Mem: 5701 Mb 
94 %, 20.7897 kips  Mem: 5725 Mb 
95 %, 20.3772 kips  Mem: 5751 Mb 
96 %, 19.6235 kips  Mem: 5776 Mb 
97 %, 19.8119 kips  Mem: 5803 Mb 
98 %, 19.2274 kips  Mem: 5828 Mb 
99 %, 19.4379 kips  Mem: 5853 Mb 
Build time:562.825  seconds
Loading raw base vectors for external rerank:
  raw_base_bytes=1280000000 load_time=1.42586 seconds
Actual memory usage after raw load: 7162 Mb 
Parsing gt:
10000
Loaded gt
100	0.9424	738.412 us	hnsw_search_us_per_query=725.607	raw_rerank_us_per_query=12.805	total_us_per_query=738.412
140	0.9601	980.385 us	hnsw_search_us_per_query=962.394	raw_rerank_us_per_query=17.991	total_us_per_query=980.385
180	0.9698	1217.3 us	hnsw_search_us_per_query=1194.13	raw_rerank_us_per_query=23.1659	total_us_per_query=1217.3
220	0.9767	1442.05 us	hnsw_search_us_per_query=1413.75	raw_rerank_us_per_query=28.2954	total_us_per_query=1442.05
260	0.9803	1694.49 us	hnsw_search_us_per_query=1648.08	raw_rerank_us_per_query=46.4008	total_us_per_query=1694.49
300	0.9831	1970.47 us	hnsw_search_us_per_query=1872.07	raw_rerank_us_per_query=98.4016	total_us_per_query=1970.47
340	0.9849	2179.25 us	hnsw_search_us_per_query=2068.16	raw_rerank_us_per_query=111.091	total_us_per_query=2179.25
380	0.9869	2275.18 us	hnsw_search_us_per_query=2166.59	raw_rerank_us_per_query=108.582	total_us_per_query=2275.18
420	0.9885	2484.95 us	hnsw_search_us_per_query=2365.63	raw_rerank_us_per_query=119.319	total_us_per_query=2484.95
460	0.9902	2694.46 us	hnsw_search_us_per_query=2563.71	raw_rerank_us_per_query=130.759	total_us_per_query=2694.46
Actual memory usage: 7163 Mb 
