Run config:
  dataset=BigANN/SIFT1B
  subset_size_millions=10 (10000000 base vectors)
  query_count=10000
  dimension=128
  M=16 efConstruction=40
  quantizer=4-bit ExRaBitQ + in-index uint8 result L2 centroid_count=64 rerank_candidates=100 random_seed=100
  base_path=/home/kai3/coco/hnswlib/bigann/bigann_base.bvecs
  query_path=/home/kai3/coco/hnswlib/bigann/bigann_query.bvecs
  gt_path=/home/kai3/coco/hnswlib/bigann/gnd/idx_10M.ivecs
  index_path=sift1b_rabitq_10m_ef_40_M_16_C_64.bin
Loading GT:
Loading queries:
  encoded_bytes_per_vector=92 (4-bit code + uint8 raw result vector)
Loading index from sift1b_rabitq_10m_ef_40_M_16_C_64.bin:
Actual memory usage: 4641 Mb 
Parsing gt:
10000
Loaded gt
100	0.9414	1680.33 us
140	0.9591	2192.4 us
180	0.9702	2697.01 us
220	0.9784	3154.51 us
260	0.9832	3674.25 us
300	0.9856	4252.89 us
340	0.9875	4590.62 us
380	0.9893	5056.78 us
420	0.9899	5560.95 us
460	0.9907	5991.45 us
Actual memory usage: 4662 Mb 
