nohup: ignoring input
Run config:
  dataset=SymphonyQG/sift10m
  base_count=10000000
  query_count=1000
  dimension=128
  M=16 efConstruction=40
  quantizer=4-bit ExRaBitQ centroid_count=64 random_seed=100
  base_path=/home/kai3/coco/SymphonyQG/data/sift10m/sift10m_base.fvecs
  query_path=/home/kai3/coco/SymphonyQG/data/sift10m/sift10m_query.fvecs
  gt_path=/home/kai3/coco/SymphonyQG/data/sift10m/sift10m_groundtruth.ivecs
  index_path=sift10m_symphonyqg_rabitq_ef_40_M_16_C_64.bin
Loading GT:
Loading queries:
  encoded_bytes_per_vector=80 (4-bit code)
Loading index from sift10m_symphonyqg_rabitq_ef_40_M_16_C_64.bin:
Actual memory usage: 3201 Mb 
Parsing gt:
1000
Loaded gt
1	0.152	41.593 us	hnsw_search_us_per_query=41.593	total_us_per_query=41.593
2	0.235	41.376 us	hnsw_search_us_per_query=41.376	total_us_per_query=41.376
3	0.294	43.751 us	hnsw_search_us_per_query=43.751	total_us_per_query=43.751
4	0.354	50.424 us	hnsw_search_us_per_query=50.424	total_us_per_query=50.424
5	0.392	55.626 us	hnsw_search_us_per_query=55.626	total_us_per_query=55.626
6	0.428	60.768 us	hnsw_search_us_per_query=60.768	total_us_per_query=60.768
7	0.452	65.334 us	hnsw_search_us_per_query=65.334	total_us_per_query=65.334
8	0.468	69.224 us	hnsw_search_us_per_query=69.224	total_us_per_query=69.224
9	0.49	73.761 us	hnsw_search_us_per_query=73.761	total_us_per_query=73.761
10	0.498	88.79 us	hnsw_search_us_per_query=88.79	total_us_per_query=88.79
11	0.512	82.316 us	hnsw_search_us_per_query=82.316	total_us_per_query=82.316
12	0.52	86.181 us	hnsw_search_us_per_query=86.181	total_us_per_query=86.181
13	0.535	90.395 us	hnsw_search_us_per_query=90.395	total_us_per_query=90.395
14	0.549	94.575 us	hnsw_search_us_per_query=94.575	total_us_per_query=94.575
15	0.556	99.189 us	hnsw_search_us_per_query=99.189	total_us_per_query=99.189
16	0.563	102.953 us	hnsw_search_us_per_query=102.953	total_us_per_query=102.953
17	0.57	106.166 us	hnsw_search_us_per_query=106.166	total_us_per_query=106.166
18	0.579	114.915 us	hnsw_search_us_per_query=114.915	total_us_per_query=114.915
19	0.584	113.711 us	hnsw_search_us_per_query=113.711	total_us_per_query=113.711
20	0.601	116.52 us	hnsw_search_us_per_query=116.52	total_us_per_query=116.52
21	0.611	119.698 us	hnsw_search_us_per_query=119.698	total_us_per_query=119.698
22	0.617	122.724 us	hnsw_search_us_per_query=122.724	total_us_per_query=122.724
23	0.623	135.896 us	hnsw_search_us_per_query=135.896	total_us_per_query=135.896
24	0.633	129.034 us	hnsw_search_us_per_query=129.034	total_us_per_query=129.034
25	0.635	133.735 us	hnsw_search_us_per_query=133.735	total_us_per_query=133.735
26	0.641	137.796 us	hnsw_search_us_per_query=137.796	total_us_per_query=137.796
27	0.645	140.815 us	hnsw_search_us_per_query=140.815	total_us_per_query=140.815
28	0.65	142.835 us	hnsw_search_us_per_query=142.835	total_us_per_query=142.835
29	0.653	150.317 us	hnsw_search_us_per_query=150.317	total_us_per_query=150.317
30	0.657	149.218 us	hnsw_search_us_per_query=149.218	total_us_per_query=149.218
40	0.683	181.397 us	hnsw_search_us_per_query=181.397	total_us_per_query=181.397
50	0.7	224.533 us	hnsw_search_us_per_query=224.533	total_us_per_query=224.533
60	0.713	246.983 us	hnsw_search_us_per_query=246.983	total_us_per_query=246.983
70	0.721	279.65 us	hnsw_search_us_per_query=279.65	total_us_per_query=279.65
80	0.725	310.209 us	hnsw_search_us_per_query=310.209	total_us_per_query=310.209
90	0.73	339.802 us	hnsw_search_us_per_query=339.802	total_us_per_query=339.802
100	0.735	379.593 us	hnsw_search_us_per_query=379.593	total_us_per_query=379.593
140	0.739	485.63 us	hnsw_search_us_per_query=485.63	total_us_per_query=485.63
180	0.751	605.696 us	hnsw_search_us_per_query=605.696	total_us_per_query=605.696
220	0.758	723.551 us	hnsw_search_us_per_query=723.551	total_us_per_query=723.551
260	0.763	840.746 us	hnsw_search_us_per_query=840.746	total_us_per_query=840.746
300	0.773	940.654 us	hnsw_search_us_per_query=940.654	total_us_per_query=940.654
340	0.774	1060.19 us	hnsw_search_us_per_query=1060.19	total_us_per_query=1060.19
380	0.775	1170.87 us	hnsw_search_us_per_query=1170.87	total_us_per_query=1170.87
420	0.776	1268.72 us	hnsw_search_us_per_query=1268.72	total_us_per_query=1268.72
460	0.776	1377.81 us	hnsw_search_us_per_query=1377.81	total_us_per_query=1377.81
Actual memory usage: 3221 Mb 
