nohup: ignoring input
Run config:
  dataset=SymphonyQG/sift10m
  base_count=10000000
  query_count=1000
  dimension=128
  M=16 efConstruction=40
  quantizer=8-bit ExRaBitQ centroid_count=64 rerank_candidates=100 random_seed=100
  base_path=/home/kai3/coco/SymphonyQG/data/sift10m/sift10m_base.fvecs
  query_path=/home/kai3/coco/SymphonyQG/data/sift10m/sift10m_query.fvecs
  gt_path=/home/kai3/coco/SymphonyQG/data/sift10m/sift10m_groundtruth.ivecs
  index_path=sift10m_symphonyqg_rabitq_ef_40_M_16_C_64.bin
Loading GT:
Loading queries:
  encoded_bytes_per_vector=168 (8-bit code)
Loading index from sift10m_symphonyqg_rabitq_ef_40_M_16_C_64.bin:
Existing index is incompatible: Old RaBitQ index format is incompatible with factorized short-code FastScan layout. Please rebuild.
Rebuilding the index with the current quantizer format
  encoded_bytes_per_vector=168 (8-bit code)
Building index:
Training one global ExRaBitQ center from 200000 base vectors
1 %, 29.3775 kips  Mem: 2671 Mb 
2 %, 36.3782 kips  Mem: 2968 Mb 
3 %, 39.8715 kips  Mem: 3425 Mb 
4 %, 40.9096 kips  Mem: 3459 Mb 
5 %, 41.4442 kips  Mem: 3493 Mb 
6 %, 40.3633 kips  Mem: 3528 Mb 
7 %, 40.5556 kips  Mem: 3566 Mb 
8 %, 38.665 kips  Mem: 3610 Mb 
9 %, 37.7054 kips  Mem: 3644 Mb 
10 %, 36.6078 kips  Mem: 3680 Mb 
11 %, 35.8968 kips  Mem: 3715 Mb 
12 %, 33.3797 kips  Mem: 3750 Mb 
13 %, 34.1535 kips  Mem: 3785 Mb 
14 %, 30.7993 kips  Mem: 3821 Mb 
15 %, 30.9447 kips  Mem: 3879 Mb 
16 %, 31.8275 kips  Mem: 3914 Mb 
17 %, 31.0577 kips  Mem: 3949 Mb 
18 %, 38.9605 kips  Mem: 3987 Mb 
19 %, 42.6188 kips  Mem: 4022 Mb 
20 %, 42.9824 kips  Mem: 4058 Mb 
21 %, 42.2719 kips  Mem: 4093 Mb 
22 %, 42.8186 kips  Mem: 4132 Mb 
23 %, 42.3701 kips  Mem: 4163 Mb 
24 %, 42.6845 kips  Mem: 4198 Mb 
25 %, 42.2916 kips  Mem: 4235 Mb 
26 %, 42.2135 kips  Mem: 4269 Mb 
27 %, 42.1693 kips  Mem: 4304 Mb 
28 %, 43.1553 kips  Mem: 4342 Mb 
29 %, 42.06 kips  Mem: 4374 Mb 
30 %, 36.9958 kips  Mem: 4434 Mb 
31 %, 40.8595 kips  Mem: 4469 Mb 
32 %, 42.3464 kips  Mem: 4504 Mb 
33 %, 42.431 kips  Mem: 4540 Mb 
34 %, 42.4402 kips  Mem: 4575 Mb 
35 %, 42.3295 kips  Mem: 4610 Mb 
36 %, 41.9938 kips  Mem: 4645 Mb 
37 %, 42.066 kips  Mem: 4682 Mb 
38 %, 42.0949 kips  Mem: 4716 Mb 
39 %, 43.1254 kips  Mem: 4751 Mb 
40 %, 42.5673 kips  Mem: 4786 Mb 
41 %, 42.4716 kips  Mem: 4822 Mb 
42 %, 42.7964 kips  Mem: 4862 Mb 
43 %, 41.8466 kips  Mem: 4892 Mb 
44 %, 41.6272 kips  Mem: 4927 Mb 
45 %, 41.3576 kips  Mem: 5061 Mb 
46 %, 41.9743 kips  Mem: 5098 Mb 
47 %, 41.8933 kips  Mem: 5157 Mb 
48 %, 42.0198 kips  Mem: 5188 Mb 
49 %, 41.6503 kips  Mem: 5224 Mb 
50 %, 40.7708 kips  Mem: 5257 Mb 
51 %, 41.4304 kips  Mem: 5294 Mb 
52 %, 41.7372 kips  Mem: 5331 Mb 
53 %, 41.953 kips  Mem: 5363 Mb 
54 %, 41.2185 kips  Mem: 5400 Mb 
55 %, 41.724 kips  Mem: 5434 Mb 
56 %, 41.4023 kips  Mem: 5470 Mb 
57 %, 41.9049 kips  Mem: 5507 Mb 
58 %, 41.6134 kips  Mem: 5539 Mb 
59 %, 41.0714 kips  Mem: 5584 Mb 
60 %, 31.698 kips  Mem: 5659 Mb 
61 %, 40.7009 kips  Mem: 5695 Mb 
62 %, 41.354 kips  Mem: 5730 Mb 
63 %, 40.8304 kips  Mem: 5764 Mb 
64 %, 40.9626 kips  Mem: 5802 Mb 
65 %, 40.8746 kips  Mem: 5835 Mb 
66 %, 41.813 kips  Mem: 5871 Mb 
67 %, 43.2099 kips  Mem: 5909 Mb 
68 %, 43.6977 kips  Mem: 5946 Mb 
69 %, 43.3904 kips  Mem: 5983 Mb 
70 %, 43.3602 kips  Mem: 6016 Mb 
71 %, 43.2041 kips  Mem: 6048 Mb 
72 %, 43.4188 kips  Mem: 6090 Mb 
73 %, 43.6751 kips  Mem: 6123 Mb 
74 %, 43.1032 kips  Mem: 6156 Mb 
75 %, 42.965 kips  Mem: 6191 Mb 
76 %, 43.3231 kips  Mem: 6225 Mb 
77 %, 42.7408 kips  Mem: 6267 Mb 
78 %, 43.3888 kips  Mem: 6299 Mb 
79 %, 42.6926 kips  Mem: 6331 Mb 
80 %, 42.8868 kips  Mem: 6366 Mb 
81 %, 42.7803 kips  Mem: 6402 Mb 
82 %, 42.728 kips  Mem: 6441 Mb 
83 %, 41.6947 kips  Mem: 6473 Mb 
84 %, 42.9884 kips  Mem: 6507 Mb 
85 %, 42.6675 kips  Mem: 6552 Mb 
86 %, 43.0884 kips  Mem: 6583 Mb 
87 %, 43.159 kips  Mem: 6616 Mb 
88 %, 42.8553 kips  Mem: 6648 Mb 
89 %, 43.1235 kips  Mem: 6684 Mb 
90 %, 43.2322 kips  Mem: 6727 Mb 
91 %, 43.5531 kips  Mem: 6758 Mb 
92 %, 43.735 kips  Mem: 6791 Mb 
93 %, 42.7659 kips  Mem: 6825 Mb 
94 %, 43.0962 kips  Mem: 6858 Mb 
95 %, 43.0437 kips  Mem: 6893 Mb 
96 %, 42.5746 kips  Mem: 6930 Mb 
97 %, 42.2961 kips  Mem: 6963 Mb 
98 %, 42.7828 kips  Mem: 6999 Mb 
99 %, 43.4319 kips  Mem: 7038 Mb 
Build time:262.515  seconds
Loading raw base vectors for external rerank:
  raw_base_bytes=5120000000 load_time=5.17984 seconds
Actual memory usage after raw load: 12189 Mb 
Parsing gt:
1000
Loaded gt
100	0.754	391.953 us	hnsw_search_us_per_query=375.998	raw_rerank_us_per_query=15.955	total_us_per_query=391.953
140	0.803	513.056 us	hnsw_search_us_per_query=491.234	raw_rerank_us_per_query=21.822	total_us_per_query=513.056
180	0.829	644.195 us	hnsw_search_us_per_query=612.547	raw_rerank_us_per_query=31.648	total_us_per_query=644.195
220	0.86	773.031 us	hnsw_search_us_per_query=732.345	raw_rerank_us_per_query=40.686	total_us_per_query=773.031
260	0.879	899.188 us	hnsw_search_us_per_query=850.667	raw_rerank_us_per_query=48.521	total_us_per_query=899.188
300	0.892	1019.96 us	hnsw_search_us_per_query=964.077	raw_rerank_us_per_query=55.88	total_us_per_query=1019.96
340	0.909	1138.97 us	hnsw_search_us_per_query=1076.73	raw_rerank_us_per_query=62.238	total_us_per_query=1138.97
380	0.914	1268.98 us	hnsw_search_us_per_query=1200.42	raw_rerank_us_per_query=68.566	total_us_per_query=1268.98
420	0.924	1375.64 us	hnsw_search_us_per_query=1301.34	raw_rerank_us_per_query=74.304	total_us_per_query=1375.64
460	0.932	1493.28 us	hnsw_search_us_per_query=1412.66	raw_rerank_us_per_query=80.624	total_us_per_query=1493.28
Actual memory usage: 12189 Mb 
