Run config:
  dataset=SymphonyQG/sift10m
  base_count=10000000
  query_count=1000
  dimension=128
  M=16 efConstruction=40
  quantizer=8-bit ExRaBitQ centroid_count=64 rerank_candidates=100 random_seed=100
  base_path=/home/kai3/coco/SymphonyQG/data/sift10m/sift10m_base.fvecs
  query_path=/home/kai3/coco/SymphonyQG/data/sift10m/sift10m_query.fvecs
  gt_path=/home/kai3/coco/SymphonyQG/data/sift10m/sift10m_groundtruth.ivecs
  index_path=sift10m_symphonyqg_rabitq_ef_40_M_16_C_64.bin
Loading GT:
Loading queries:
  encoded_bytes_per_vector=140 (8-bit code)
Loading index from sift10m_symphonyqg_rabitq_ef_40_M_16_C_64.bin:
Actual memory usage: 3801 Mb 
Loading raw base vectors for external rerank:
  raw_base_bytes=5120000000 load_time=5.20971 seconds
Actual memory usage after raw load: 8921 Mb 
Parsing gt:
1000
Loaded gt
100	0.934	272.694 us	hnsw_search_us_per_query=257.271	raw_rerank_us_per_query=15.423	total_us_per_query=272.694
140	0.96	343.928 us	hnsw_search_us_per_query=322.532	raw_rerank_us_per_query=21.396	total_us_per_query=343.928
180	0.967	440.78 us	hnsw_search_us_per_query=413.057	raw_rerank_us_per_query=27.723	total_us_per_query=440.78
220	0.979	523.863 us	hnsw_search_us_per_query=489.824	raw_rerank_us_per_query=34.039	total_us_per_query=523.863
260	0.981	632.843 us	hnsw_search_us_per_query=592.461	raw_rerank_us_per_query=40.382	total_us_per_query=632.843
300	0.985	721.559 us	hnsw_search_us_per_query=674.856	raw_rerank_us_per_query=46.703	total_us_per_query=721.559
340	0.988	814.353 us	hnsw_search_us_per_query=761.27	raw_rerank_us_per_query=53.083	total_us_per_query=814.353
380	0.988	897.209 us	hnsw_search_us_per_query=837.798	raw_rerank_us_per_query=59.411	total_us_per_query=897.209
420	0.99	965.482 us	hnsw_search_us_per_query=900.133	raw_rerank_us_per_query=65.349	total_us_per_query=965.482
460	0.99	1079.13 us	hnsw_search_us_per_query=1007.34	raw_rerank_us_per_query=71.796	total_us_per_query=1079.13
Actual memory usage: 8941 Mb 
