nohup: ignoring input
Run config:
  dataset=SymphonyQG/sift10m
  base_count=10000000
  query_count=1000
  dimension=128
  M=16 efConstruction=40
  quantizer=4-bit ExRaBitQ centroid_count=64 random_seed=100
  base_path=/home/kai3/coco/SymphonyQG/data/sift10m/sift10m_base.fvecs
  query_path=/home/kai3/coco/SymphonyQG/data/sift10m/sift10m_query.fvecs
  gt_path=/home/kai3/coco/SymphonyQG/data/sift10m/sift10m_groundtruth.ivecs
  index_path=sift10m_symphonyqg_rabitq_ef_40_M_16_C_64.bin
Loading GT:
Loading queries:
  encoded_bytes_per_vector=96 (4-bit code)
Loading index from sift10m_symphonyqg_rabitq_ef_40_M_16_C_64.bin:
Existing index is incompatible: Old or incompatible RaBitQ index format. Please rebuild the index.
Rebuilding the index with the current quantizer format
  encoded_bytes_per_vector=96 (4-bit code)
Building index:
Training one global ExRaBitQ center from 200000 base vectors
1 %, 36.6257 kips  Mem: 2803 Mb 
2 %, 59.7259 kips  Mem: 2831 Mb 
3 %, 84.9852 kips  Mem: 3056 Mb 
4 %, 71.7057 kips  Mem: 3090 Mb 
5 %, 79.8692 kips  Mem: 3117 Mb 
6 %, 71.6866 kips  Mem: 3145 Mb 
7 %, 60.7482 kips  Mem: 3173 Mb 
8 %, 40.5129 kips  Mem: 3213 Mb 
9 %, 38.0665 kips  Mem: 3239 Mb 
10 %, 27.513 kips  Mem: 3267 Mb 
11 %, 15.7602 kips  Mem: 3297 Mb 
12 %, 23.4539 kips  Mem: 3322 Mb 
13 %, 22.7572 kips  Mem: 3350 Mb 
14 %, 22.2508 kips  Mem: 3378 Mb 
15 %, 21.429 kips  Mem: 3430 Mb 
16 %, 22.2027 kips  Mem: 3458 Mb 
17 %, 21.8597 kips  Mem: 3485 Mb 
18 %, 43.1439 kips  Mem: 3518 Mb 
19 %, 77.0799 kips  Mem: 3545 Mb 
20 %, 76.0485 kips  Mem: 3573 Mb 
21 %, 84.9836 kips  Mem: 3603 Mb 
22 %, 86.8746 kips  Mem: 3631 Mb 
23 %, 84.1556 kips  Mem: 3659 Mb 
24 %, 85.8325 kips  Mem: 3687 Mb 
25 %, 82.9977 kips  Mem: 3715 Mb 
26 %, 84.3363 kips  Mem: 3742 Mb 
27 %, 84.5715 kips  Mem: 3771 Mb 
28 %, 82.7368 kips  Mem: 3798 Mb 
29 %, 83.5594 kips  Mem: 3826 Mb 
30 %, 64.2867 kips  Mem: 3879 Mb 
31 %, 76.9499 kips  Mem: 4127 Mb 
32 %, 84.0861 kips  Mem: 4154 Mb 
33 %, 84.0047 kips  Mem: 4183 Mb 
34 %, 82.6463 kips  Mem: 4210 Mb 
35 %, 82.3213 kips  Mem: 4238 Mb 
36 %, 80.1686 kips  Mem: 4527 Mb 
37 %, 81.7801 kips  Mem: 4554 Mb 
38 %, 82.3811 kips  Mem: 4582 Mb 
39 %, 82.3022 kips  Mem: 4611 Mb 
40 %, 79.5416 kips  Mem: 4659 Mb 
41 %, 77.8126 kips  Mem: 4687 Mb 
42 %, 80.2781 kips  Mem: 4715 Mb 
43 %, 79.6124 kips  Mem: 4743 Mb 
44 %, 77.6557 kips  Mem: 4779 Mb 
45 %, 79.2509 kips  Mem: 4798 Mb 
46 %, 77.3087 kips  Mem: 4826 Mb 
47 %, 79.7044 kips  Mem: 4855 Mb 
48 %, 77.7587 kips  Mem: 4883 Mb 
49 %, 76.596 kips  Mem: 4910 Mb 
50 %, 77.8836 kips  Mem: 4938 Mb 
51 %, 77.1838 kips  Mem: 4968 Mb 
52 %, 79.1635 kips  Mem: 4994 Mb 
53 %, 77.4308 kips  Mem: 5025 Mb 
54 %, 77.8091 kips  Mem: 5051 Mb 
55 %, 78.2166 kips  Mem: 5079 Mb 
56 %, 77.7803 kips  Mem: 5107 Mb 
57 %, 76.5425 kips  Mem: 5136 Mb 
58 %, 76.86 kips  Mem: 5163 Mb 
59 %, 76.2131 kips  Mem: 5191 Mb 
60 %, 49.1685 kips  Mem: 5268 Mb 
61 %, 74.7303 kips  Mem: 5295 Mb 
62 %, 76.5428 kips  Mem: 5325 Mb 
63 %, 76.029 kips  Mem: 5352 Mb 
64 %, 76.8801 kips  Mem: 5380 Mb 
65 %, 73.0818 kips  Mem: 5408 Mb 
66 %, 75.316 kips  Mem: 5438 Mb 
67 %, 75.6245 kips  Mem: 5464 Mb 
68 %, 76.1733 kips  Mem: 5494 Mb 
69 %, 75.5367 kips  Mem: 5527 Mb 
70 %, 75.1979 kips  Mem: 5548 Mb 
71 %, 75.2632 kips  Mem: 5579 Mb 
72 %, 75.6231 kips  Mem: 5605 Mb 
73 %, 76.0967 kips  Mem: 5634 Mb 
74 %, 75.8335 kips  Mem: 5664 Mb 
75 %, 75.67 kips  Mem: 5689 Mb 
76 %, 76.0707 kips  Mem: 5718 Mb 
77 %, 72.2381 kips  Mem: 5749 Mb 
78 %, 33.3785 kips  Mem: 5774 Mb 
79 %, 75.0844 kips  Mem: 5808 Mb 
80 %, 75.4676 kips  Mem: 5830 Mb 
81 %, 74.378 kips  Mem: 5860 Mb 
82 %, 72.5284 kips  Mem: 5886 Mb 
83 %, 67.8841 kips  Mem: 5914 Mb 
84 %, 75.6127 kips  Mem: 5944 Mb 
85 %, 72.8936 kips  Mem: 5972 Mb 
86 %, 75.2687 kips  Mem: 6000 Mb 
87 %, 75.146 kips  Mem: 6027 Mb 
88 %, 74.4257 kips  Mem: 6055 Mb 
89 %, 75.306 kips  Mem: 6083 Mb 
90 %, 75.7381 kips  Mem: 6110 Mb 
91 %, 74.742 kips  Mem: 6139 Mb 
92 %, 76.1353 kips  Mem: 6167 Mb 
93 %, 73.5324 kips  Mem: 6201 Mb 
94 %, 75.4971 kips  Mem: 6222 Mb 
95 %, 75.2358 kips  Mem: 6251 Mb 
96 %, 73.5773 kips  Mem: 6286 Mb 
97 %, 73.7146 kips  Mem: 6307 Mb 
98 %, 69.9565 kips  Mem: 6334 Mb 
99 %, 74.618 kips  Mem: 6370 Mb 
Build time:164.504  seconds
Parsing gt:
1000
Loaded gt
1	0.146	60.251 us	hnsw_search_us_per_query=60.251	lower_bound_checked=47413	lower_bound_pruned=2075	survivor_long_computed=45338	upper_layer_long_computed=123404	long_computations_per_query=45.338	prune_rate=0.0437644	total_us_per_query=60.251
2	0.232	52.035 us	hnsw_search_us_per_query=52.035	lower_bound_checked=65909	lower_bound_pruned=2151	survivor_long_computed=83998	upper_layer_long_computed=123404	long_computations_per_query=83.998	prune_rate=0.0326359	total_us_per_query=52.035
3	0.309	54.358 us	hnsw_search_us_per_query=54.358	lower_bound_checked=97364	lower_bound_pruned=2869	survivor_long_computed=114754	upper_layer_long_computed=123404	long_computations_per_query=114.754	prune_rate=0.0294667	total_us_per_query=54.358
4	0.354	59.325 us	hnsw_search_us_per_query=59.325	lower_bound_checked=126036	lower_bound_pruned=3682	survivor_long_computed=142664	upper_layer_long_computed=123404	long_computations_per_query=142.664	prune_rate=0.0292139	total_us_per_query=59.325
5	0.393	62.954 us	hnsw_search_us_per_query=62.954	lower_bound_checked=148652	lower_bound_pruned=4098	survivor_long_computed=164959	upper_layer_long_computed=123404	long_computations_per_query=164.959	prune_rate=0.0275677	total_us_per_query=62.954
6	0.425	67.742 us	hnsw_search_us_per_query=67.742	lower_bound_checked=171101	lower_bound_pruned=4582	survivor_long_computed=187087	upper_layer_long_computed=123404	long_computations_per_query=187.087	prune_rate=0.0267795	total_us_per_query=67.742
7	0.457	72.499 us	hnsw_search_us_per_query=72.499	lower_bound_checked=193474	lower_bound_pruned=4961	survivor_long_computed=209286	upper_layer_long_computed=123404	long_computations_per_query=209.286	prune_rate=0.0256417	total_us_per_query=72.499
8	0.478	76.401 us	hnsw_search_us_per_query=76.401	lower_bound_checked=212302	lower_bound_pruned=5329	survivor_long_computed=227997	upper_layer_long_computed=123404	long_computations_per_query=227.997	prune_rate=0.025101	total_us_per_query=76.401
9	0.496	92.156 us	hnsw_search_us_per_query=92.156	lower_bound_checked=229223	lower_bound_pruned=5536	survivor_long_computed=244991	upper_layer_long_computed=123404	long_computations_per_query=244.991	prune_rate=0.0241512	total_us_per_query=92.156
10	0.518	97.598 us	hnsw_search_us_per_query=97.598	lower_bound_checked=249735	lower_bound_pruned=5963	survivor_long_computed=265553	upper_layer_long_computed=123404	long_computations_per_query=265.553	prune_rate=0.0238773	total_us_per_query=97.598
11	0.532	87.963 us	hnsw_search_us_per_query=87.963	lower_bound_checked=267123	lower_bound_pruned=6267	survivor_long_computed=283118	upper_layer_long_computed=123404	long_computations_per_query=283.118	prune_rate=0.0234611	total_us_per_query=87.963
12	0.543	91.767 us	hnsw_search_us_per_query=91.767	lower_bound_checked=283937	lower_bound_pruned=6638	survivor_long_computed=300363	upper_layer_long_computed=123404	long_computations_per_query=300.363	prune_rate=0.0233784	total_us_per_query=91.767
13	0.55	95.596 us	hnsw_search_us_per_query=95.596	lower_bound_checked=301044	lower_bound_pruned=6988	survivor_long_computed=317696	upper_layer_long_computed=123404	long_computations_per_query=317.696	prune_rate=0.0232126	total_us_per_query=95.596
14	0.565	99.46 us	hnsw_search_us_per_query=99.46	lower_bound_checked=318453	lower_bound_pruned=7441	survivor_long_computed=335188	upper_layer_long_computed=123404	long_computations_per_query=335.188	prune_rate=0.0233661	total_us_per_query=99.46
15	0.576	102.918 us	hnsw_search_us_per_query=102.918	lower_bound_checked=334548	lower_bound_pruned=7856	survivor_long_computed=351773	upper_layer_long_computed=123404	long_computations_per_query=351.773	prune_rate=0.0234824	total_us_per_query=102.918
16	0.587	107.753 us	hnsw_search_us_per_query=107.753	lower_bound_checked=353378	lower_bound_pruned=8389	survivor_long_computed=370818	upper_layer_long_computed=123404	long_computations_per_query=370.818	prune_rate=0.0237395	total_us_per_query=107.753
17	0.6	111.231 us	hnsw_search_us_per_query=111.231	lower_bound_checked=370543	lower_bound_pruned=8779	survivor_long_computed=388471	upper_layer_long_computed=123404	long_computations_per_query=388.471	prune_rate=0.0236923	total_us_per_query=111.231
18	0.607	114.976 us	hnsw_search_us_per_query=114.976	lower_bound_checked=387012	lower_bound_pruned=9230	survivor_long_computed=405207	upper_layer_long_computed=123404	long_computations_per_query=405.207	prune_rate=0.0238494	total_us_per_query=114.976
19	0.613	118.006 us	hnsw_search_us_per_query=118.006	lower_bound_checked=400819	lower_bound_pruned=9554	survivor_long_computed=419616	upper_layer_long_computed=123404	long_computations_per_query=419.616	prune_rate=0.0238362	total_us_per_query=118.006
20	0.617	121.426 us	hnsw_search_us_per_query=121.426	lower_bound_checked=415127	lower_bound_pruned=9817	survivor_long_computed=434438	upper_layer_long_computed=123404	long_computations_per_query=434.438	prune_rate=0.0236482	total_us_per_query=121.426
21	0.625	124.961 us	hnsw_search_us_per_query=124.961	lower_bound_checked=430969	lower_bound_pruned=10245	survivor_long_computed=450563	upper_layer_long_computed=123404	long_computations_per_query=450.563	prune_rate=0.023772	total_us_per_query=124.961
22	0.627	128.291 us	hnsw_search_us_per_query=128.291	lower_bound_checked=444819	lower_bound_pruned=10573	survivor_long_computed=464830	upper_layer_long_computed=123404	long_computations_per_query=464.83	prune_rate=0.0237692	total_us_per_query=128.291
23	0.63	252.338 us	hnsw_search_us_per_query=252.338	lower_bound_checked=461160	lower_bound_pruned=10994	survivor_long_computed=481627	upper_layer_long_computed=123404	long_computations_per_query=481.627	prune_rate=0.0238399	total_us_per_query=252.338
24	0.638	165.71 us	hnsw_search_us_per_query=165.71	lower_bound_checked=476057	lower_bound_pruned=11348	survivor_long_computed=497230	upper_layer_long_computed=123404	long_computations_per_query=497.23	prune_rate=0.0238375	total_us_per_query=165.71
25	0.645	141.725 us	hnsw_search_us_per_query=141.725	lower_bound_checked=490192	lower_bound_pruned=11639	survivor_long_computed=512080	upper_layer_long_computed=123404	long_computations_per_query=512.08	prune_rate=0.0237438	total_us_per_query=141.725
26	0.65	144.796 us	hnsw_search_us_per_query=144.796	lower_bound_checked=504950	lower_bound_pruned=11984	survivor_long_computed=527510	upper_layer_long_computed=123404	long_computations_per_query=527.51	prune_rate=0.023733	total_us_per_query=144.796
27	0.653	147.702 us	hnsw_search_us_per_query=147.702	lower_bound_checked=519978	lower_bound_pruned=12420	survivor_long_computed=543166	upper_layer_long_computed=123404	long_computations_per_query=543.166	prune_rate=0.0238856	total_us_per_query=147.702
28	0.654	150.648 us	hnsw_search_us_per_query=150.648	lower_bound_checked=533991	lower_bound_pruned=12727	survivor_long_computed=557523	upper_layer_long_computed=123404	long_computations_per_query=557.523	prune_rate=0.0238337	total_us_per_query=150.648
29	0.656	153.437 us	hnsw_search_us_per_query=153.437	lower_bound_checked=547522	lower_bound_pruned=13058	survivor_long_computed=571903	upper_layer_long_computed=123404	long_computations_per_query=571.903	prune_rate=0.0238493	total_us_per_query=153.437
30	0.659	157.39 us	hnsw_search_us_per_query=157.39	lower_bound_checked=560351	lower_bound_pruned=13368	survivor_long_computed=585771	upper_layer_long_computed=123404	long_computations_per_query=585.771	prune_rate=0.0238565	total_us_per_query=157.39
40	0.675	217.755 us	hnsw_search_us_per_query=217.755	lower_bound_checked=699299	lower_bound_pruned=16889	survivor_long_computed=732279	upper_layer_long_computed=123404	long_computations_per_query=732.279	prune_rate=0.0241513	total_us_per_query=217.755
50	0.691	241.06 us	hnsw_search_us_per_query=241.06	lower_bound_checked=834045	lower_bound_pruned=20274	survivor_long_computed=872931	upper_layer_long_computed=123404	long_computations_per_query=872.931	prune_rate=0.024308	total_us_per_query=241.06
60	0.702	270.092 us	hnsw_search_us_per_query=270.092	lower_bound_checked=964358	lower_bound_pruned=23789	survivor_long_computed=1009817	upper_layer_long_computed=123404	long_computations_per_query=1009.82	prune_rate=0.0246682	total_us_per_query=270.092
70	0.715	462.385 us	hnsw_search_us_per_query=462.385	lower_bound_checked=1095194	lower_bound_pruned=27615	survivor_long_computed=1146974	upper_layer_long_computed=123404	long_computations_per_query=1146.97	prune_rate=0.0252147	total_us_per_query=462.385
80	0.718	415.391 us	hnsw_search_us_per_query=415.391	lower_bound_checked=1225662	lower_bound_pruned=31300	survivor_long_computed=1283524	upper_layer_long_computed=123404	long_computations_per_query=1283.52	prune_rate=0.0255372	total_us_per_query=415.391
90	0.725	358.769 us	hnsw_search_us_per_query=358.769	lower_bound_checked=1351275	lower_bound_pruned=35150	survivor_long_computed=1415539	upper_layer_long_computed=123404	long_computations_per_query=1415.54	prune_rate=0.0260125	total_us_per_query=358.769
100	0.735	384.871 us	hnsw_search_us_per_query=384.871	lower_bound_checked=1475728	lower_bound_pruned=38862	survivor_long_computed=1546234	upper_layer_long_computed=123404	long_computations_per_query=1546.23	prune_rate=0.0263341	total_us_per_query=384.871
140	0.744	523.878 us	hnsw_search_us_per_query=523.878	lower_bound_checked=1967818	lower_bound_pruned=53961	survivor_long_computed=2062583	upper_layer_long_computed=123404	long_computations_per_query=2062.58	prune_rate=0.0274217	total_us_per_query=523.878
180	0.753	895.703 us	hnsw_search_us_per_query=895.703	lower_bound_checked=2437778	lower_bound_pruned=68901	survivor_long_computed=2557644	upper_layer_long_computed=123404	long_computations_per_query=2557.64	prune_rate=0.0282639	total_us_per_query=895.703
220	0.764	740.411 us	hnsw_search_us_per_query=740.411	lower_bound_checked=2892914	lower_bound_pruned=83484	survivor_long_computed=3038369	upper_layer_long_computed=123404	long_computations_per_query=3038.37	prune_rate=0.0288581	total_us_per_query=740.411
260	0.766	964.454 us	hnsw_search_us_per_query=964.454	lower_bound_checked=3339019	lower_bound_pruned=98300	survivor_long_computed=3509161	upper_layer_long_computed=123404	long_computations_per_query=3509.16	prune_rate=0.0294398	total_us_per_query=964.454
300	0.768	1097.02 us	hnsw_search_us_per_query=1097.02	lower_bound_checked=3771400	lower_bound_pruned=112698	survivor_long_computed=3967509	upper_layer_long_computed=123404	long_computations_per_query=3967.51	prune_rate=0.0298823	total_us_per_query=1097.02
340	0.77	1125.62 us	hnsw_search_us_per_query=1125.62	lower_bound_checked=4192258	lower_bound_pruned=126173	survivor_long_computed=4414112	upper_layer_long_computed=123404	long_computations_per_query=4414.11	prune_rate=0.0300967	total_us_per_query=1125.62
380	0.774	1178.86 us	hnsw_search_us_per_query=1178.86	lower_bound_checked=4607706	lower_bound_pruned=140393	survivor_long_computed=4855712	upper_layer_long_computed=123404	long_computations_per_query=4855.71	prune_rate=0.0304692	total_us_per_query=1178.86
420	0.777	1259.36 us	hnsw_search_us_per_query=1259.36	lower_bound_checked=5017344	lower_bound_pruned=154426	survivor_long_computed=5290566	upper_layer_long_computed=123404	long_computations_per_query=5290.57	prune_rate=0.0307784	total_us_per_query=1259.36
460	0.778	1353.24 us	hnsw_search_us_per_query=1353.24	lower_bound_checked=5417720	lower_bound_pruned=168193	survivor_long_computed=5717585	upper_layer_long_computed=123404	long_computations_per_query=5717.58	prune_rate=0.031045	total_us_per_query=1353.24
Actual memory usage: 6390 Mb 
