nohup: ignoring input
Run config:
  dataset=SymphonyQG/sift10m
  base_count=10000000
  query_count=1000
  dimension=128
  M=16 efConstruction=40
  quantizer=8-bit ExRaBitQ centroid_count=64 rerank_candidates=100 random_seed=100
  base_path=/home/kai3/coco/SymphonyQG/data/sift10m/sift10m_base.fvecs
  query_path=/home/kai3/coco/SymphonyQG/data/sift10m/sift10m_query.fvecs
  gt_path=/home/kai3/coco/SymphonyQG/data/sift10m/sift10m_groundtruth.ivecs
  index_path=sift10m_symphonyqg_rabitq_ef_40_M_16_C_64.bin
Loading GT:
Loading queries:
  encoded_bytes_per_vector=156 (8-bit code)
Loading index from sift10m_symphonyqg_rabitq_ef_40_M_16_C_64.bin:
Existing index is incompatible: Old RaBitQ index format is incompatible with short-code FastScan layout. Please rebuild.
Rebuilding the index with the current quantizer format
  encoded_bytes_per_vector=156 (8-bit code)
Building index:
Training one global ExRaBitQ center from 200000 base vectors
1 %, 25.067 kips  Mem: 2831 Mb 
2 %, 24.7062 kips  Mem: 2869 Mb 
3 %, 26.3973 kips  Mem: 2902 Mb 
4 %, 27.6706 kips  Mem: 2940 Mb 
5 %, 25.4531 kips  Mem: 2977 Mb 
6 %, 28.8895 kips  Mem: 3008 Mb 
7 %, 31.469 kips  Mem: 3042 Mb 
8 %, 28.2236 kips  Mem: 3088 Mb 
9 %, 30.6355 kips  Mem: 3121 Mb 
10 %, 29.1832 kips  Mem: 3157 Mb 
11 %, 30.1158 kips  Mem: 3188 Mb 
12 %, 28.3994 kips  Mem: 3323 Mb 
13 %, 31.2489 kips  Mem: 3354 Mb 
14 %, 29.6963 kips  Mem: 3411 Mb 
15 %, 28.0863 kips  Mem: 3467 Mb 
16 %, 30.4652 kips  Mem: 3501 Mb 
17 %, 28.5809 kips  Mem: 3536 Mb 
18 %, 31.3867 kips  Mem: 3570 Mb 
19 %, 26.8475 kips  Mem: 3607 Mb 
20 %, 24.2755 kips  Mem: 3642 Mb 
21 %, 29.541 kips  Mem: 3673 Mb 
22 %, 26.9461 kips  Mem: 3709 Mb 
23 %, 25.7782 kips  Mem: 3743 Mb 
24 %, 25.9433 kips  Mem: 3778 Mb 
25 %, 27.8639 kips  Mem: 3812 Mb 
26 %, 18.5108 kips  Mem: 3846 Mb 
27 %, 23.1113 kips  Mem: 3880 Mb 
28 %, 27.6226 kips  Mem: 3912 Mb 
29 %, 25.4595 kips  Mem: 3948 Mb 
30 %, 23.533 kips  Mem: 4006 Mb 
31 %, 24.1466 kips  Mem: 4041 Mb 
32 %, 23.3814 kips  Mem: 4074 Mb 
33 %, 22.4269 kips  Mem: 4107 Mb 
34 %, 20.9244 kips  Mem: 4141 Mb 
35 %, 21.5316 kips  Mem: 4177 Mb 
36 %, 21.0232 kips  Mem: 4211 Mb 
37 %, 20.7539 kips  Mem: 4245 Mb 
38 %, 20.8826 kips  Mem: 4278 Mb 
39 %, 21.65 kips  Mem: 4313 Mb 
40 %, 23.4949 kips  Mem: 4346 Mb 
41 %, 22.722 kips  Mem: 4380 Mb 
42 %, 24.79 kips  Mem: 4415 Mb 
43 %, 22.4549 kips  Mem: 4449 Mb 
44 %, 25.5499 kips  Mem: 4482 Mb 
45 %, 22.597 kips  Mem: 4517 Mb 
46 %, 21.5348 kips  Mem: 4549 Mb 
47 %, 24.4011 kips  Mem: 4584 Mb 
48 %, 25.2466 kips  Mem: 4618 Mb 
49 %, 23.0695 kips  Mem: 4652 Mb 
50 %, 24.7129 kips  Mem: 4687 Mb 
51 %, 22.6615 kips  Mem: 5021 Mb 
52 %, 24.2675 kips  Mem: 5076 Mb 
53 %, 27.6578 kips  Mem: 5128 Mb 
54 %, 42.5684 kips  Mem: 5156 Mb 
55 %, 42.6338 kips  Mem: 5189 Mb 
56 %, 42.4228 kips  Mem: 5233 Mb 
57 %, 42.7629 kips  Mem: 5258 Mb 
58 %, 42.3027 kips  Mem: 5292 Mb 
59 %, 42.0828 kips  Mem: 5326 Mb 
60 %, 32.378 kips  Mem: 5408 Mb 
61 %, 42.0171 kips  Mem: 5441 Mb 
62 %, 42.1186 kips  Mem: 5475 Mb 
63 %, 41.8587 kips  Mem: 5508 Mb 
64 %, 42.0738 kips  Mem: 5546 Mb 
65 %, 42.505 kips  Mem: 5578 Mb 
66 %, 41.9351 kips  Mem: 5614 Mb 
67 %, 42.9824 kips  Mem: 5645 Mb 
68 %, 42.8333 kips  Mem: 5681 Mb 
69 %, 43.2067 kips  Mem: 5722 Mb 
70 %, 42.9261 kips  Mem: 5749 Mb 
71 %, 42.7794 kips  Mem: 5786 Mb 
72 %, 42.9526 kips  Mem: 5818 Mb 
73 %, 42.7445 kips  Mem: 5851 Mb 
74 %, 42.9416 kips  Mem: 5886 Mb 
75 %, 43.0593 kips  Mem: 5919 Mb 
76 %, 42.8844 kips  Mem: 5957 Mb 
77 %, 43.2032 kips  Mem: 5987 Mb 
78 %, 42.777 kips  Mem: 6022 Mb 
79 %, 42.6138 kips  Mem: 6055 Mb 
80 %, 43.8027 kips  Mem: 6090 Mb 
81 %, 42.5896 kips  Mem: 6130 Mb 
82 %, 42.4532 kips  Mem: 6156 Mb 
83 %, 42.529 kips  Mem: 6194 Mb 
84 %, 42.9902 kips  Mem: 6226 Mb 
85 %, 42.6497 kips  Mem: 6259 Mb 
86 %, 43.116 kips  Mem: 6293 Mb 
87 %, 43.1011 kips  Mem: 6329 Mb 
88 %, 42.5073 kips  Mem: 6362 Mb 
89 %, 42.7145 kips  Mem: 6394 Mb 
90 %, 43.1147 kips  Mem: 6429 Mb 
91 %, 42.5762 kips  Mem: 6471 Mb 
92 %, 42.6265 kips  Mem: 6497 Mb 
93 %, 42.3491 kips  Mem: 6535 Mb 
94 %, 43.3695 kips  Mem: 6566 Mb 
95 %, 43.3991 kips  Mem: 6599 Mb 
96 %, 43.119 kips  Mem: 6634 Mb 
97 %, 42.9113 kips  Mem: 6667 Mb 
98 %, 43.6626 kips  Mem: 6707 Mb 
99 %, 43.1044 kips  Mem: 6736 Mb 
Build time:333.377  seconds
Loading raw base vectors for external rerank:
  raw_base_bytes=5120000000 load_time=5.25653 seconds
Actual memory usage after raw load: 11892 Mb 
Parsing gt:
1000
Loaded gt
100	0.925	597.416 us	hnsw_search_us_per_query=581.57	raw_rerank_us_per_query=15.846	total_us_per_query=597.416
140	0.951	642.413 us	hnsw_search_us_per_query=620.216	raw_rerank_us_per_query=22.197	total_us_per_query=642.413
180	0.966	799.748 us	hnsw_search_us_per_query=771.236	raw_rerank_us_per_query=28.512	total_us_per_query=799.748
220	0.97	993.299 us	hnsw_search_us_per_query=958.448	raw_rerank_us_per_query=34.851	total_us_per_query=993.299
260	0.974	1165.93 us	hnsw_search_us_per_query=1124.55	raw_rerank_us_per_query=41.382	total_us_per_query=1165.93
300	0.976	1271.22 us	hnsw_search_us_per_query=1223.71	raw_rerank_us_per_query=47.503	total_us_per_query=1271.22
340	0.977	1434.74 us	hnsw_search_us_per_query=1380.74	raw_rerank_us_per_query=53.991	total_us_per_query=1434.74
380	0.978	1596.93 us	hnsw_search_us_per_query=1536.79	raw_rerank_us_per_query=60.143	total_us_per_query=1596.93
420	0.98	1735.31 us	hnsw_search_us_per_query=1668.64	raw_rerank_us_per_query=66.666	total_us_per_query=1735.31
460	0.982	1844.32 us	hnsw_search_us_per_query=1745.28	raw_rerank_us_per_query=99.043	total_us_per_query=1844.32
Actual memory usage: 11892 Mb 
