Run config:
  dataset=SymphonyQG/sift10m
  base_count=10000000
  query_count=1000
  dimension=128
  M=16 efConstruction=40
  quantizer=8-bit ExRaBitQ centroid_count=64 rerank_candidates=100 random_seed=100
  base_path=/home/kai3/coco/SymphonyQG/data/sift10m/sift10m_base.fvecs
  query_path=/home/kai3/coco/SymphonyQG/data/sift10m/sift10m_query.fvecs
  gt_path=/home/kai3/coco/SymphonyQG/data/sift10m/sift10m_groundtruth.ivecs
  index_path=sift10m_symphonyqg_rabitq_ef_40_M_16_C_64.bin
Loading GT:
Loading queries:
  encoded_bytes_per_vector=160 (8-bit code)
Loading index from sift10m_symphonyqg_rabitq_ef_40_M_16_C_64.bin:
Actual memory usage: 4001 Mb 
Parsing gt:
1000
Loaded gt
100	0.917	339.086 us	hnsw_search_us_per_query=339.086	redundant_rerank_us_per_query=0	lower_bound_checked=1591507	lower_bound_pruned=444490	survivor_long_computed=1256246	prune_rate=0.279289	total_us_per_query=339.086
140	0.944	415.943 us	hnsw_search_us_per_query=415.943	redundant_rerank_us_per_query=0	lower_bound_checked=2074717	lower_bound_pruned=576609	survivor_long_computed=1646835	prune_rate=0.277922	total_us_per_query=415.943
180	0.954	533.418 us	hnsw_search_us_per_query=533.418	redundant_rerank_us_per_query=0	lower_bound_checked=2538782	lower_bound_pruned=706291	survivor_long_computed=2021043	prune_rate=0.278201	total_us_per_query=533.418
220	0.963	609.144 us	hnsw_search_us_per_query=609.144	redundant_rerank_us_per_query=0	lower_bound_checked=2990313	lower_bound_pruned=833898	survivor_long_computed=2384896	prune_rate=0.278866	total_us_per_query=609.144
260	0.969	723.071 us	hnsw_search_us_per_query=723.071	redundant_rerank_us_per_query=0	lower_bound_checked=3432205	lower_bound_pruned=960543	survivor_long_computed=2739891	prune_rate=0.279862	total_us_per_query=723.071
300	0.972	842.22 us	hnsw_search_us_per_query=842.22	redundant_rerank_us_per_query=0	lower_bound_checked=3860508	lower_bound_pruned=1083265	survivor_long_computed=3085479	prune_rate=0.280602	total_us_per_query=842.22
340	0.977	912.098 us	hnsw_search_us_per_query=912.098	redundant_rerank_us_per_query=0	lower_bound_checked=4280483	lower_bound_pruned=1205330	survivor_long_computed=3423530	prune_rate=0.281587	total_us_per_query=912.098
380	0.978	1008.87 us	hnsw_search_us_per_query=1008.87	redundant_rerank_us_per_query=0	lower_bound_checked=4694277	lower_bound_pruned=1326592	survivor_long_computed=3755613	prune_rate=0.282598	total_us_per_query=1008.87
420	0.98	1095.63 us	hnsw_search_us_per_query=1095.63	redundant_rerank_us_per_query=0	lower_bound_checked=5096316	lower_bound_pruned=1443736	survivor_long_computed=4081044	prune_rate=0.28329	total_us_per_query=1095.63
460	0.98	1192.31 us	hnsw_search_us_per_query=1192.31	redundant_rerank_us_per_query=0	lower_bound_checked=5495911	lower_bound_pruned=1560910	survivor_long_computed=4402994	prune_rate=0.284013	total_us_per_query=1192.31
Actual memory usage: 4021 Mb 
